14:02:01  INFO      ============================================================
14:02:01  INFO      STEP 1 — Loading data
14:02:01  INFO      ============================================================
14:02:02  INFO      Loading Bose345/sp500_earnings_transcripts …
`trust_remote_code` is not supported anymore.
Please check that the Hugging Face dataset 'Bose345/sp500_earnings_transcripts' isn't based on a loading script and remove `trust_remote_code`.
If the dataset is based on a loading script, please ask the dataset author to remove it and convert it to a standard format like Parquet.
14:02:02  ERROR     `trust_remote_code` is not supported anymore.
Please check that the Hugging Face dataset 'Bose345/sp500_earnings_transcripts' isn't based on a loading script and remove `trust_remote_code`.
If the dataset is based on a loading script, please ask the dataset author to remove it and convert it to a standard format like Parquet.
14:02:03  INFO      HTTP Request: HEAD https://huggingface.co/datasets/Bose345/sp500_earnings_transcripts/resolve/main/README.md "HTTP/1.1 307 Temporary Redirect"
14:02:03  INFO      HTTP Request: HEAD https://huggingface.co/api/resolve-cache/datasets/Bose345/sp500_earnings_transcripts/dc9b436a0d8e02e62e393e1616a497fcd54b8b6c/README.md "HTTP/1.1 200 OK"
14:02:03  INFO      HTTP Request: HEAD https://huggingface.co/datasets/Bose345/sp500_earnings_transcripts/resolve/dc9b436a0d8e02e62e393e1616a497fcd54b8b6c/sp500_earnings_transcripts.py "HTTP/1.1 404 Not Found"
14:02:03  INFO      HTTP Request: HEAD https://s3.amazonaws.com/datasets.huggingface.co/datasets/datasets/Bose345/sp500_earnings_transcripts/Bose345/sp500_earnings_transcripts.py "HTTP/1.1 404 Not Found"
14:02:03  INFO      HTTP Request: GET https://huggingface.co/api/datasets/Bose345/sp500_earnings_transcripts/revision/dc9b436a0d8e02e62e393e1616a497fcd54b8b6c "HTTP/1.1 200 OK"
14:02:03  INFO      HTTP Request: HEAD https://huggingface.co/datasets/Bose345/sp500_earnings_transcripts/resolve/dc9b436a0d8e02e62e393e1616a497fcd54b8b6c/.huggingface.yaml "HTTP/1.1 404 Not Found"
14:02:03  INFO      HTTP Request: GET https://datasets-server.huggingface.co/info?dataset=Bose345/sp500_earnings_transcripts "HTTP/1.1 200 OK"
14:02:03  INFO      HTTP Request: GET https://huggingface.co/api/datasets/Bose345/sp500_earnings_transcripts/tree/dc9b436a0d8e02e62e393e1616a497fcd54b8b6c/data?recursive=true&expand=false "HTTP/1.1 404 Not Found"
14:02:03  INFO      HTTP Request: GET https://huggingface.co/api/datasets/Bose345/sp500_earnings_transcripts/tree/dc9b436a0d8e02e62e393e1616a497fcd54b8b6c?recursive=false&expand=false "HTTP/1.1 200 OK"
14:02:03  INFO      HTTP Request: GET https://huggingface.co/api/datasets/Bose345/sp500_earnings_transcripts/tree/dc9b436a0d8e02e62e393e1616a497fcd54b8b6c/parquet_files?recursive=true&expand=false "HTTP/1.1 200 OK"
14:02:03  INFO      HTTP Request: HEAD https://huggingface.co/datasets/Bose345/sp500_earnings_transcripts/resolve/dc9b436a0d8e02e62e393e1616a497fcd54b8b6c/dataset_infos.json "HTTP/1.1 404 Not Found"
14:02:55  INFO        Raw rows: 33362, columns: ['symbol', 'quarter', 'year', 'date', 'content', 'structured_content', 'company_name', 'company_id']
14:02:55  WARNING   Could not load sp500_transcripts: 'DataFrame' object has no attribute 'str'
14:02:55  INFO      Loading lamini/earnings-calls-qa …
`trust_remote_code` is not supported anymore.
Please check that the Hugging Face dataset 'lamini/earnings-calls-qa' isn't based on a loading script and remove `trust_remote_code`.
If the dataset is based on a loading script, please ask the dataset author to remove it and convert it to a standard format like Parquet.
14:02:55  ERROR     `trust_remote_code` is not supported anymore.
Please check that the Hugging Face dataset 'lamini/earnings-calls-qa' isn't based on a loading script and remove `trust_remote_code`.
If the dataset is based on a loading script, please ask the dataset author to remove it and convert it to a standard format like Parquet.
14:02:55  INFO      HTTP Request: HEAD https://huggingface.co/datasets/lamini/earnings-calls-qa/resolve/main/README.md "HTTP/1.1 307 Temporary Redirect"
14:02:55  INFO      HTTP Request: HEAD https://huggingface.co/api/resolve-cache/datasets/lamini/earnings-calls-qa/2d084a557bb28250baada291b4fd298e80785d77/README.md "HTTP/1.1 200 OK"
14:02:55  INFO      HTTP Request: HEAD https://huggingface.co/datasets/lamini/earnings-calls-qa/resolve/2d084a557bb28250baada291b4fd298e80785d77/earnings-calls-qa.py "HTTP/1.1 404 Not Found"
14:02:56  INFO      HTTP Request: HEAD https://s3.amazonaws.com/datasets.huggingface.co/datasets/datasets/lamini/earnings-calls-qa/lamini/earnings-calls-qa.py "HTTP/1.1 404 Not Found"
14:02:56  INFO      HTTP Request: GET https://huggingface.co/api/datasets/lamini/earnings-calls-qa/revision/2d084a557bb28250baada291b4fd298e80785d77 "HTTP/1.1 200 OK"
14:02:56  INFO      HTTP Request: HEAD https://huggingface.co/datasets/lamini/earnings-calls-qa/resolve/2d084a557bb28250baada291b4fd298e80785d77/.huggingface.yaml "HTTP/1.1 404 Not Found"
14:02:56  INFO      HTTP Request: GET https://datasets-server.huggingface.co/info?dataset=lamini/earnings-calls-qa "HTTP/1.1 200 OK"
14:02:56  INFO      HTTP Request: GET https://huggingface.co/api/datasets/lamini/earnings-calls-qa/tree/2d084a557bb28250baada291b4fd298e80785d77/data?recursive=true&expand=false "HTTP/1.1 404 Not Found"
14:02:56  INFO      HTTP Request: GET https://huggingface.co/api/datasets/lamini/earnings-calls-qa/tree/2d084a557bb28250baada291b4fd298e80785d77?recursive=false&expand=false "HTTP/1.1 200 OK"
14:02:56  INFO      HTTP Request: HEAD https://huggingface.co/datasets/lamini/earnings-calls-qa/resolve/2d084a557bb28250baada291b4fd298e80785d77/dataset_infos.json "HTTP/1.1 404 Not Found"
14:04:07  INFO        Raw rows: 860164, columns: ['question', 'answer', 'date', 'transcript', 'q', 'ticker', 'predictions']
/users/PAS3272/suryasuresh/FinalProject/src/data/loader.py:140: FutureWarning: Parsed string "Jan 13, 2022, 1:00 a.m. ET" included an un-recognized timezone "ET". Dropping unrecognized timezones is deprecated; in a future version this will raise. Instead pass the string without the timezone, then use .tz_localize to convert to a recognized timezone.
  df["date"] = pd.to_datetime(df["date_raw"], errors="coerce")
14:04:09  WARNING   Could not load lamini_qa: "['text'] not in index"
14:04:09  WARNING   Using SYNTHETIC data — for smoke testing only!
14:04:09  INFO      Dataset: 300 records  |  labels: {1: 151, 0: 149}
14:04:09  INFO      ============================================================
14:04:09  INFO      STEP 2 — Chronological train/test split (80% / 20%)
14:04:09  INFO      ============================================================
14:04:09  INFO      Train: 240  |  Test: 60
14:04:09  INFO      ============================================================
14:04:09  INFO      STEP 3 — Baseline feature extraction (full transcript)
14:04:09  INFO      ============================================================
14:04:09  INFO      Extracting baseline features (full-transcript sentiment) …
14:04:32  INFO      Loading FinBERT from ProsusAI/finbert …
14:04:32  INFO      HTTP Request: HEAD https://huggingface.co/ProsusAI/finbert/resolve/main/config.json "HTTP/1.1 307 Temporary Redirect"
14:04:32  INFO      HTTP Request: HEAD https://huggingface.co/api/resolve-cache/models/ProsusAI/finbert/4556d13015211d73dccd3fdd39d39232506f3e43/config.json "HTTP/1.1 200 OK"
14:04:32  INFO      HTTP Request: HEAD https://huggingface.co/ProsusAI/finbert/resolve/main/tokenizer_config.json "HTTP/1.1 307 Temporary Redirect"
14:04:32  INFO      HTTP Request: HEAD https://huggingface.co/api/resolve-cache/models/ProsusAI/finbert/4556d13015211d73dccd3fdd39d39232506f3e43/tokenizer_config.json "HTTP/1.1 200 OK"
14:04:33  INFO      HTTP Request: GET https://huggingface.co/api/models/ProsusAI/finbert/tree/main/additional_chat_templates?recursive=false&expand=false "HTTP/1.1 404 Not Found"
14:04:33  INFO      HTTP Request: GET https://huggingface.co/api/models/ProsusAI/finbert/tree/main?recursive=true&expand=false "HTTP/1.1 200 OK"
14:04:33  INFO      HTTP Request: HEAD https://huggingface.co/ProsusAI/finbert/resolve/main/config.json "HTTP/1.1 307 Temporary Redirect"
14:04:33  INFO      HTTP Request: HEAD https://huggingface.co/api/resolve-cache/models/ProsusAI/finbert/4556d13015211d73dccd3fdd39d39232506f3e43/config.json "HTTP/1.1 200 OK"
14:04:33  INFO      HTTP Request: HEAD https://huggingface.co/ProsusAI/finbert/resolve/main/model.safetensors "HTTP/1.1 404 Not Found"
14:04:33  INFO      HTTP Request: GET https://huggingface.co/api/models/ProsusAI/finbert "HTTP/1.1 200 OK"
14:04:35  INFO      HTTP Request: GET https://huggingface.co/api/models/ProsusAI/finbert/commits/main "HTTP/1.1 200 OK"
14:04:36  INFO      HTTP Request: GET https://huggingface.co/api/models/ProsusAI/finbert/discussions?p=0 "HTTP/1.1 200 OK"
14:04:36  INFO      HTTP Request: GET https://huggingface.co/api/models/ProsusAI/finbert/commits/refs%2Fpr%2F29 "HTTP/1.1 200 OK"
14:04:37  INFO      HTTP Request: HEAD https://huggingface.co/ProsusAI/finbert/resolve/refs%2Fpr%2F29/model.safetensors.index.json "HTTP/1.1 404 Not Found"
14:04:38  INFO      HTTP Request: HEAD https://huggingface.co/ProsusAI/finbert/resolve/refs%2Fpr%2F29/model.safetensors "HTTP/1.1 302 Found"
Loading weights:   0%|          | 0/201 [00:00<?, ?it/s]Loading weights: 100%|██████████| 201/201 [00:00<00:00, 24744.79it/s]
[1mBertForSequenceClassification LOAD REPORT[0m from: ProsusAI/finbert
Key                          | Status     |  | 
-----------------------------+------------+--+-
bert.embeddings.position_ids | UNEXPECTED |  | 

Notes:
- UNEXPECTED:	can be ignored when loading from different task/architecture; not ok if you expect identical arch.
14:04:39  INFO      FinBERT loaded on cpu
14:04:39  INFO        Baseline sentiment: 0 / 240
14:04:41  INFO        Baseline sentiment: 24 / 240
14:04:43  INFO        Baseline sentiment: 48 / 240
14:04:45  INFO        Baseline sentiment: 72 / 240
14:04:46  INFO        Baseline sentiment: 96 / 240
14:04:48  INFO        Baseline sentiment: 120 / 240
14:04:49  INFO        Baseline sentiment: 144 / 240
14:04:51  INFO        Baseline sentiment: 168 / 240
14:04:53  INFO        Baseline sentiment: 192 / 240
14:04:54  INFO        Baseline sentiment: 216 / 240
14:04:56  INFO      Extracting baseline features (full-transcript sentiment) …
14:04:56  INFO        Baseline sentiment: 0 / 60
14:04:56  INFO        Baseline sentiment: 6 / 60
14:04:57  INFO        Baseline sentiment: 12 / 60
14:04:57  INFO        Baseline sentiment: 18 / 60
14:04:58  INFO        Baseline sentiment: 24 / 60
14:04:58  INFO        Baseline sentiment: 30 / 60
14:04:59  INFO        Baseline sentiment: 36 / 60
14:04:59  INFO        Baseline sentiment: 42 / 60
14:04:59  INFO        Baseline sentiment: 48 / 60
14:05:00  INFO        Baseline sentiment: 54 / 60
14:05:00  INFO      ============================================================
14:05:00  INFO      STEP 4 — Improved feature extraction (prepared + Q&A)
14:05:00  INFO      ============================================================
14:05:00  INFO      Splitting transcripts into sections …
14:05:00  INFO      Extracting improved features (full + prepared + Q&A) …
14:05:00  INFO        Full sentiment: 0 / 240
14:05:02  INFO        Full sentiment: 24 / 240
14:05:03  INFO        Full sentiment: 48 / 240
14:05:05  INFO        Full sentiment: 72 / 240
14:05:07  INFO        Full sentiment: 96 / 240
14:05:08  INFO        Full sentiment: 120 / 240
14:05:10  INFO        Full sentiment: 144 / 240
14:05:12  INFO        Full sentiment: 168 / 240
14:05:13  INFO        Full sentiment: 192 / 240
14:05:15  INFO        Full sentiment: 216 / 240
14:05:17  INFO        Prepared sentiment: 0 / 240
14:05:18  INFO        Prepared sentiment: 24 / 240
14:05:19  INFO        Prepared sentiment: 48 / 240
14:05:21  INFO        Prepared sentiment: 72 / 240
14:05:22  INFO        Prepared sentiment: 96 / 240
14:05:23  INFO        Prepared sentiment: 120 / 240
14:05:25  INFO        Prepared sentiment: 144 / 240
14:05:26  INFO        Prepared sentiment: 168 / 240
14:05:27  INFO        Prepared sentiment: 192 / 240
14:05:29  INFO        Prepared sentiment: 216 / 240
14:05:30  INFO        Q&A sentiment: 0 / 240
14:05:31  INFO        Q&A sentiment: 24 / 240
14:05:33  INFO        Q&A sentiment: 48 / 240
14:05:34  INFO        Q&A sentiment: 72 / 240
14:05:36  INFO        Q&A sentiment: 96 / 240
14:05:37  INFO        Q&A sentiment: 120 / 240
14:05:39  INFO        Q&A sentiment: 144 / 240
14:05:40  INFO        Q&A sentiment: 168 / 240
14:05:42  INFO        Q&A sentiment: 192 / 240
14:05:43  INFO        Q&A sentiment: 216 / 240
14:05:45  INFO      Splitting transcripts into sections …
14:05:45  INFO      Extracting improved features (full + prepared + Q&A) …
14:05:45  INFO        Full sentiment: 0 / 60
14:05:45  INFO        Full sentiment: 6 / 60
14:05:45  INFO        Full sentiment: 12 / 60
14:05:46  INFO        Full sentiment: 18 / 60
14:05:46  INFO        Full sentiment: 24 / 60
14:05:47  INFO        Full sentiment: 30 / 60
14:05:47  INFO        Full sentiment: 36 / 60
14:05:47  INFO        Full sentiment: 42 / 60
14:05:48  INFO        Full sentiment: 48 / 60
14:05:48  INFO        Full sentiment: 54 / 60
14:05:49  INFO        Prepared sentiment: 0 / 60
14:05:49  INFO        Prepared sentiment: 6 / 60
14:05:49  INFO        Prepared sentiment: 12 / 60
14:05:50  INFO        Prepared sentiment: 18 / 60
14:05:50  INFO        Prepared sentiment: 24 / 60
14:05:50  INFO        Prepared sentiment: 30 / 60
14:05:51  INFO        Prepared sentiment: 36 / 60
14:05:51  INFO        Prepared sentiment: 42 / 60
14:05:51  INFO        Prepared sentiment: 48 / 60
14:05:52  INFO        Prepared sentiment: 54 / 60
14:05:52  INFO        Q&A sentiment: 0 / 60
14:05:52  INFO        Q&A sentiment: 6 / 60
14:05:53  INFO        Q&A sentiment: 12 / 60
14:05:53  INFO        Q&A sentiment: 18 / 60
14:05:54  INFO        Q&A sentiment: 24 / 60
14:05:54  INFO        Q&A sentiment: 30 / 60
14:05:54  INFO        Q&A sentiment: 36 / 60
14:05:55  INFO        Q&A sentiment: 42 / 60
14:05:55  INFO        Q&A sentiment: 48 / 60
14:05:55  INFO        Q&A sentiment: 54 / 60
14:05:56  INFO      ============================================================
14:05:56  INFO      STEP 5 — Training logistic regression classifiers
14:05:56  INFO      ============================================================
14:05:56  INFO      ============================================================
14:05:56  INFO      STEP 6 — Evaluation
14:05:56  INFO      ============================================================
14:05:56  INFO      AUC delta (improved − baseline): +0.5863  [improvement]
