Job ID: 47028450
Task:   direction
Pairs:  data/pairs_direction.jsonl
GPU:    Tesla V100-PCIE-16GB
Start:  Wed Apr 22 00:16:29 EDT 2026
trainable params: 10,092,544 || all params: 7,625,709,056 || trainable%: 0.1323
{'loss': 7.4277, 'grad_norm': nan, 'learning_rate': 9e-05, 'epoch': 0.05}
{'loss': 2.9603, 'grad_norm': 8.644224166870117, 'learning_rate': 0.00019, 'epoch': 0.09}
{'loss': 0.4955, 'grad_norm': 1.7356587648391724, 'learning_rate': 0.00019990423200364794, 'epoch': 0.14}
{'loss': 0.4011, 'grad_norm': 0.4976577162742615, 'learning_rate': 0.00019957341762950344, 'epoch': 0.18}
{'loss': 0.4897, 'grad_norm': 0.3929307460784912, 'learning_rate': 0.0001990071565984244, 'epoch': 0.23}
{'loss': 0.3521, 'grad_norm': 0.2805495858192444, 'learning_rate': 0.0001982067878648214, 'epoch': 0.27}
{'loss': 0.3496, 'grad_norm': 1.2238236665725708, 'learning_rate': 0.00019717420394325442, 'epoch': 0.32}
{'loss': 0.3392, 'grad_norm': 0.35027754306793213, 'learning_rate': 0.0001959118464334809, 'epoch': 0.36}
{'loss': 0.4401, 'grad_norm': 0.7360678911209106, 'learning_rate': 0.00019442270024716313, 'epoch': 0.41}
{'loss': 0.3584, 'grad_norm': 0.2251361459493637, 'learning_rate': 0.0001927102865498852, 'epoch': 0.45}
{'loss': 0.3759, 'grad_norm': 2.674250841140747, 'learning_rate': 0.00019077865443516948, 'epoch': 0.5}
{'loss': 0.351, 'grad_norm': 0.37532883882522583, 'learning_rate': 0.00018863237135017865, 'epoch': 0.54}
{'loss': 0.3546, 'grad_norm': 0.6261289119720459, 'learning_rate': 0.00018627651229574354, 'epoch': 0.59}
{'loss': 0.3719, 'grad_norm': 0.8304912447929382, 'learning_rate': 0.00018371664782625287, 'epoch': 0.63}
{'loss': 0.3674, 'grad_norm': 0.0643954798579216, 'learning_rate': 0.00018095883087778029, 'epoch': 0.68}
{'loss': 0.3532, 'grad_norm': 0.6304544806480408, 'learning_rate': 0.00017800958245559425, 'epoch': 0.72}
{'loss': 0.3551, 'grad_norm': 0.3299899697303772, 'learning_rate': 0.00017487587621489308, 'epoch': 0.77}
{'loss': 0.3462, 'grad_norm': 0.14742453396320343, 'learning_rate': 0.0001715651219712255, 'epoch': 0.81}
{'loss': 0.3589, 'grad_norm': 0.42452648282051086, 'learning_rate': 0.0001680851481795864, 'epoch': 0.86}
{'loss': 0.3492, 'grad_norm': 0.15463228523731232, 'learning_rate': 0.00016444418342361766, 'epoch': 0.9}
{'loss': 0.3478, 'grad_norm': 0.17880508303642273, 'learning_rate': 0.00016065083695868292, 'epoch': 0.95}
{'loss': 0.3541, 'grad_norm': 0.36746591329574585, 'learning_rate': 0.00015671407835482425, 'epoch': 0.99}
{'eval_loss': 0.34916168451309204, 'eval_runtime': 132.3093, 'eval_samples_per_second': 1.489, 'eval_steps_per_second': 1.489, 'epoch': 1.0}
{'loss': 0.3494, 'grad_norm': 0.21352224051952362, 'learning_rate': 0.0001526432162877356, 'epoch': 1.04}
{'loss': 0.3503, 'grad_norm': 0.06892742216587067, 'learning_rate': 0.00014844787652790216, 'epoch': 1.08}
{'loss': 0.3465, 'grad_norm': 0.2443523406982422, 'learning_rate': 0.000144137979179953, 'epoch': 1.13}
{'loss': 0.3443, 'grad_norm': 0.11689754575490952, 'learning_rate': 0.00013972371522604448, 'epoch': 1.17}
{'loss': 0.3485, 'grad_norm': 0.36494094133377075, 'learning_rate': 0.00013521552242873924, 'epoch': 1.22}
{'loss': 0.3479, 'grad_norm': 0.7062502503395081, 'learning_rate': 0.0001306240606503602, 'epoch': 1.26}
{'loss': 0.3472, 'grad_norm': 0.09612619876861572, 'learning_rate': 0.00012596018664717712, 'epoch': 1.31}
{'loss': 0.3528, 'grad_norm': 0.22460265457630157, 'learning_rate': 0.00012123492839802777, 'epoch': 1.35}
{'loss': 0.3526, 'grad_norm': 0.6378998160362244, 'learning_rate': 0.00011645945902807341, 'epoch': 1.4}
{'loss': 0.3542, 'grad_norm': 0.14234457910060883, 'learning_rate': 0.00011164507038934864, 'epoch': 1.44}
{'loss': 0.3543, 'grad_norm': 0.619942307472229, 'learning_rate': 0.00010680314636057485, 'epoch': 1.49}
{'loss': 0.348, 'grad_norm': 0.10877809673547745, 'learning_rate': 0.00010194513592937197, 'epoch': 1.53}
{'loss': 0.3451, 'grad_norm': 0.06124139577150345, 'learning_rate': 9.708252612051624e-05, 'epoch': 1.58}
{'loss': 0.3464, 'grad_norm': 0.05769957974553108, 'learning_rate': 9.222681483425802e-05, 'epoch': 1.62}
{'loss': 0.3461, 'grad_norm': 0.08833546191453934, 'learning_rate': 8.738948365892267e-05, 'epoch': 1.67}
{'loss': 0.3499, 'grad_norm': 0.5770394802093506, 'learning_rate': 8.258197072208323e-05, 'epoch': 1.71}
{'loss': 0.347, 'grad_norm': 0.08015207946300507, 'learning_rate': 7.781564364449721e-05, 'epoch': 1.76}
{'loss': 0.3506, 'grad_norm': 0.44524022936820984, 'learning_rate': 7.310177266076133e-05, 'epoch': 1.8}
{'loss': 0.3517, 'grad_norm': 0.1476617306470871, 'learning_rate': 6.845150397024043e-05, 'epoch': 1.85}
{'loss': 0.3476, 'grad_norm': 0.06486533582210541, 'learning_rate': 6.387583338128471e-05, 'epoch': 1.89}
{'loss': 0.3468, 'grad_norm': 0.07849955558776855, 'learning_rate': 5.9385580311054454e-05, 'epoch': 1.94}
{'loss': 0.3513, 'grad_norm': 0.20104894042015076, 'learning_rate': 5.49913622024309e-05, 'epoch': 1.98}
{'eval_loss': 0.3424901068210602, 'eval_runtime': 132.2387, 'eval_samples_per_second': 1.49, 'eval_steps_per_second': 1.49, 'epoch': 2.0}
{'loss': 0.3499, 'grad_norm': 0.23364387452602386, 'learning_rate': 5.070356941850646e-05, 'epoch': 2.03}
{'loss': 0.3479, 'grad_norm': 0.18805484473705292, 'learning_rate': 4.6532340674016796e-05, 'epoch': 2.07}
{'loss': 0.3467, 'grad_norm': 0.07468541711568832, 'learning_rate': 4.248753906180912e-05, 'epoch': 2.12}
{'loss': 0.3486, 'grad_norm': 0.06879834085702896, 'learning_rate': 3.857872873103322e-05, 'epoch': 2.16}
{'loss': 0.3467, 'grad_norm': 0.16465477645397186, 'learning_rate': 3.481515227220056e-05, 'epoch': 2.21}
{'loss': 0.3457, 'grad_norm': 0.18406899273395538, 'learning_rate': 3.120570886258592e-05, 'epoch': 2.25}
{'loss': 0.3443, 'grad_norm': 0.1717994213104248, 'learning_rate': 2.7758933223648397e-05, 'epoch': 2.3}
{'loss': 0.3452, 'grad_norm': 0.1653752475976944, 'learning_rate': 2.448297544022692e-05, 'epoch': 2.34}
{'loss': 0.3444, 'grad_norm': 0.40112337470054626, 'learning_rate': 2.138558168923026e-05, 'epoch': 2.39}
{'loss': 0.3521, 'grad_norm': 0.7027105689048767, 'learning_rate': 1.8474075923388446e-05, 'epoch': 2.43}
{'loss': 0.3439, 'grad_norm': 0.21083112061023712, 'learning_rate': 1.5755342553375796e-05, 'epoch': 2.48}
{'loss': 0.3449, 'grad_norm': 0.2098037600517273, 'learning_rate': 1.3235810169254903e-05, 'epoch': 2.52}
{'loss': 0.3449, 'grad_norm': 0.09911538660526276, 'learning_rate': 1.0921436339732327e-05, 'epoch': 2.57}
{'loss': 0.345, 'grad_norm': 0.09510689228773117, 'learning_rate': 8.817693525169802e-06, 'epoch': 2.61}
{'loss': 0.3444, 'grad_norm': 0.3490775525569916, 'learning_rate': 6.929556137659765e-06, 'epoch': 2.66}
{'loss': 0.3424, 'grad_norm': 0.33418580889701843, 'learning_rate': 5.261488778762569e-06, 'epoch': 2.7}
{'loss': 0.3461, 'grad_norm': 0.3826267123222351, 'learning_rate': 3.817435682718096e-06, 'epoch': 2.75}
{'loss': 0.3434, 'grad_norm': 0.38277554512023926, 'learning_rate': 2.600811390093427e-06, 'epoch': 2.79}
{'loss': 0.3481, 'grad_norm': 0.20495003461837769, 'learning_rate': 1.6144926739195986e-06, 'epoch': 2.84}
{'loss': 0.3469, 'grad_norm': 0.13107050955295563, 'learning_rate': 8.608117374083069e-07, 'epoch': 2.88}
{'loss': 0.3452, 'grad_norm': 0.10742867738008499, 'learning_rate': 3.415506993330153e-07, 'epoch': 2.93}
{'loss': 0.3448, 'grad_norm': 0.09781110286712646, 'learning_rate': 5.7937380114103656e-08, 'epoch': 2.97}
{'eval_loss': 0.3487306535243988, 'eval_runtime': 132.1675, 'eval_samples_per_second': 1.491, 'eval_steps_per_second': 1.491, 'epoch': 3.0}
{'train_runtime': 11103.0971, 'train_samples_per_second': 0.48, 'train_steps_per_second': 0.06, 'train_loss': 0.501438292655143, 'epoch': 3.0}
End:    Wed Apr 22 03:22:26 EDT 2026
