Job ID: 47032249
Task:   surprise
Pairs:  data/pairs_eps_surprise.jsonl
GPU:    Tesla V100-PCIE-16GB
Start:  Wed Apr 22 05:38:47 EDT 2026
trainable params: 10,092,544 || all params: 7,625,709,056 || trainable%: 0.1323
{'loss': 7.2195, 'grad_norm': 21.485490798950195, 'learning_rate': 0.00013846153846153847, 'epoch': 0.07}
{'loss': 1.4237, 'grad_norm': 10.24886703491211, 'learning_rate': 0.00019989736126687963, 'epoch': 0.14}
{'loss': 0.4333, 'grad_norm': 1.1094880104064941, 'learning_rate': 0.0001992708874098054, 'epoch': 0.21}
{'loss': 0.3679, 'grad_norm': 2.691884994506836, 'learning_rate': 0.00019807852804032305, 'epoch': 0.28}
{'loss': 0.3443, 'grad_norm': 2.2331385612487793, 'learning_rate': 0.00019632708010475165, 'epoch': 0.35}
{'loss': 0.3433, 'grad_norm': 1.3920923471450806, 'learning_rate': 0.00019402652758770475, 'epoch': 0.42}
{'loss': 0.3806, 'grad_norm': 1.0397464036941528, 'learning_rate': 0.00019118998459920902, 'epoch': 0.49}
{'loss': 0.3768, 'grad_norm': 1.163447618484497, 'learning_rate': 0.00018783362061880062, 'epoch': 0.56}
{'loss': 0.39, 'grad_norm': 2.816071033477783, 'learning_rate': 0.0001839765683227398, 'epoch': 0.63}
{'loss': 0.3696, 'grad_norm': 3.5381381511688232, 'learning_rate': 0.00017964081451976672, 'epoch': 0.7}
{'loss': 0.3136, 'grad_norm': 1.3564224243164062, 'learning_rate': 0.00017485107481711012, 'epoch': 0.77}
{'loss': 0.2876, 'grad_norm': 1.4650647640228271, 'learning_rate': 0.0001696346527312053, 'epoch': 0.84}
{'loss': 0.3682, 'grad_norm': 3.9134435653686523, 'learning_rate': 0.00016402128404624882, 'epoch': 0.91}
{'loss': 0.2553, 'grad_norm': 1.1316920518875122, 'learning_rate': 0.00015804296730781135, 'epoch': 0.98}
{'eval_loss': 0.3324742913246155, 'eval_runtime': 22.9934, 'eval_samples_per_second': 1.479, 'eval_steps_per_second': 1.479, 'epoch': 1.0}
{'loss': 0.3107, 'grad_norm': 2.2668886184692383, 'learning_rate': 0.00015173378141776568, 'epoch': 1.05}
{'loss': 0.2658, 'grad_norm': 1.076253056526184, 'learning_rate': 0.00014512969137031538, 'epoch': 1.12}
{'loss': 0.1663, 'grad_norm': 10.048187255859375, 'learning_rate': 0.000138268343236509, 'epoch': 1.19}
{'loss': 0.3131, 'grad_norm': 2.15830397605896, 'learning_rate': 0.0001311888495659149, 'epoch': 1.26}
{'loss': 0.2231, 'grad_norm': 1.9874696731567383, 'learning_rate': 0.0001239315664287558, 'epoch': 1.33}
{'loss': 0.1939, 'grad_norm': 1.5525612831115723, 'learning_rate': 0.00011653786336945614, 'epoch': 1.4}
{'loss': 0.1933, 'grad_norm': 6.084567546844482, 'learning_rate': 0.0001090498875829638, 'epoch': 1.47}
{'loss': 0.2558, 'grad_norm': 9.142626762390137, 'learning_rate': 0.00010151032365813859, 'epoch': 1.54}
{'loss': 0.2736, 'grad_norm': 2.9800472259521484, 'learning_rate': 9.396215025777139e-05, 'epoch': 1.61}
{'loss': 0.1704, 'grad_norm': 2.635505199432373, 'learning_rate': 8.644839512225886e-05, 'epoch': 1.68}
{'loss': 0.1645, 'grad_norm': 6.831148624420166, 'learning_rate': 7.901188979351526e-05, 'epoch': 1.75}
{'loss': 0.1032, 'grad_norm': 3.9305262565612793, 'learning_rate': 7.169502545729797e-05, 'epoch': 1.82}
{'loss': 0.2348, 'grad_norm': 6.199471473693848, 'learning_rate': 6.524663118047016e-05, 'epoch': 1.88}
{'loss': 0.135, 'grad_norm': 7.979744911193848, 'learning_rate': 5.8271238174576305e-05, 'epoch': 1.95}
{'eval_loss': 0.33299386501312256, 'eval_runtime': 22.9852, 'eval_samples_per_second': 1.479, 'eval_steps_per_second': 1.479, 'epoch': 2.0}
{'loss': 0.1442, 'grad_norm': 3.8614871501922607, 'learning_rate': 5.1533716536450693e-05, 'epoch': 2.02}
{'loss': 0.0381, 'grad_norm': 0.1653946340084076, 'learning_rate': 4.507247295292801e-05, 'epoch': 2.09}
{'loss': 0.0888, 'grad_norm': 0.37633296847343445, 'learning_rate': 3.8924339210561836e-05, 'epoch': 2.16}
{'loss': 0.0429, 'grad_norm': 1.8688170909881592, 'learning_rate': 3.312436223906062e-05, 'epoch': 2.23}
{'loss': 0.0949, 'grad_norm': 0.2415665239095688, 'learning_rate': 2.7705604329153434e-05, 'epoch': 2.3}
{'loss': 0.003, 'grad_norm': 1.0052965879440308, 'learning_rate': 2.26989546637263e-05, 'epoch': 2.37}
{'loss': 0.1566, 'grad_norm': 12.140661239624023, 'learning_rate': 1.813295323658103e-05, 'epoch': 2.44}
{'loss': 0.0102, 'grad_norm': 0.053630270063877106, 'learning_rate': 1.4033628162552359e-05, 'epoch': 2.51}
{'loss': 0.0645, 'grad_norm': 0.014018681831657887, 'learning_rate': 1.0424347306384729e-05, 'epoch': 2.58}
{'loss': 0.1243, 'grad_norm': 0.13691577315330505, 'learning_rate': 7.325685076144795e-06, 'epoch': 2.65}
{'loss': 0.0107, 'grad_norm': 0.2145594209432602, 'learning_rate': 4.755305140504185e-06, 'epoch': 2.72}
{'loss': 0.0365, 'grad_norm': 0.2900131046772003, 'learning_rate': 2.7278597384517214e-06, 'epoch': 2.79}
{'loss': 0.0281, 'grad_norm': 0.10391934216022491, 'learning_rate': 1.2549061554127494e-06, 'epoch': 2.86}
{'loss': 0.0161, 'grad_norm': 0.1878020465373993, 'learning_rate': 3.4484084189593257e-07, 'epoch': 2.93}
{'eval_loss': 0.713789165019989, 'eval_runtime': 23.0419, 'eval_samples_per_second': 1.476, 'eval_steps_per_second': 1.476, 'epoch': 2.99}
{'train_runtime': 7036.4508, 'train_samples_per_second': 0.489, 'train_steps_per_second': 0.061, 'train_loss': 0.39250424371420084, 'epoch': 2.99}
End:    Wed Apr 22 07:37:20 EDT 2026
